L1
B5
H
R
H
L4
R1
R
H
R
T5
R5
R
R
L7
H
R
R
H
H
H
H
H
H
B5
L5
B5
L5
L2
H
T6
H
R5
T3
H
R2
R1
T1
H
B1
B5
H
B3
H
L1
T8
H
R7
T5
H
R4
H
L4
H
L7
H
L5
R
H
R
